// Jest Snapshot v1, https://goo.gl/fbAQLP

exports[`useFetch Should return users values 1`] = `
{
  "data": [
    {
      "address": {
        "city": "Wisokyburgh",
        "geo": {
          "lat": "-43.9509",
          "lng": "-34.4618",
        },
        "street": "Victor Plains",
        "suite": "Suite 879",
        "zipcode": "90566-7771",
      },
      "company": {
        "bs": "synergize scalable supply-chains",
        "catchPhrase": "Proactive didactic contingency",
        "name": "Deckow-Crist",
      },
      "email": "Shanna@melissa.tv",
      "id": 2,
      "name": "Ervin Howell",
      "phone": "010-692-6593 x09125",
      "username": "Antonette",
      "website": "anastasia.net",
    },
    {
      "address": {
        "city": "Wisokyburgh",
        "geo": {
          "lat": "-43.9509",
          "lng": "-34.4618",
        },
        "street": "Victor Plains",
        "suite": "Suite 879",
        "zipcode": "90566-7771",
      },
      "company": {
        "bs": "synergize scalable supply-chains",
        "catchPhrase": "Proactive didactic contingency",
        "name": "Deckow-Crist",
      },
      "email": "Shanna@melissa.tv",
      "id": 2,
      "name": "Ervin Howell",
      "phone": "010-692-6593 x09125",
      "username": "Antonette",
      "website": "anastasia.net",
    },
    {
      "address": {
        "city": "Wisokyburgh",
        "geo": {
          "lat": "-43.9509",
          "lng": "-34.4618",
        },
        "street": "Victor Plains",
        "suite": "Suite 879",
        "zipcode": "90566-7771",
      },
      "company": {
        "bs": "synergize scalable supply-chains",
        "catchPhrase": "Proactive didactic contingency",
        "name": "Deckow-Crist",
      },
      "email": "Shanna@melissa.tv",
      "id": 2,
      "name": "Ervin Howell",
      "phone": "010-692-6593 x09125",
      "username": "Antonette",
      "website": "anastasia.net",
    },
    {
      "address": {
        "city": "Wisokyburgh",
        "geo": {
          "lat": "-43.9509",
          "lng": "-34.4618",
        },
        "street": "Victor Plains",
        "suite": "Suite 879",
        "zipcode": "90566-7771",
      },
      "company": {
        "bs": "synergize scalable supply-chains",
        "catchPhrase": "Proactive didactic contingency",
        "name": "Deckow-Crist",
      },
      "email": "Shanna@melissa.tv",
      "id": 2,
      "name": "Ervin Howell",
      "phone": "010-692-6593 x09125",
      "username": "Antonette",
      "website": "anastasia.net",
    },
    {
      "address": {
        "city": "Wisokyburgh",
        "geo": {
          "lat": "-43.9509",
          "lng": "-34.4618",
        },
        "street": "Victor Plains",
        "suite": "Suite 879",
        "zipcode": "90566-7771",
      },
      "company": {
        "bs": "synergize scalable supply-chains",
        "catchPhrase": "Proactive didactic contingency",
        "name": "Deckow-Crist",
      },
      "email": "Shanna@melissa.tv",
      "id": 2,
      "name": "Ervin Howell",
      "phone": "010-692-6593 x09125",
      "username": "Antonette",
      "website": "anastasia.net",
    },
    {
      "address": {
        "city": "Wisokyburgh",
        "geo": {
          "lat": "-43.9509",
          "lng": "-34.4618",
        },
        "street": "Victor Plains",
        "suite": "Suite 879",
        "zipcode": "90566-7771",
      },
      "company": {
        "bs": "synergize scalable supply-chains",
        "catchPhrase": "Proactive didactic contingency",
        "name": "Deckow-Crist",
      },
      "email": "Shanna@melissa.tv",
      "id": 2,
      "name": "Ervin Howell",
      "phone": "010-692-6593 x09125",
      "username": "Antonette",
      "website": "anastasia.net",
    },
    {
      "address": {
        "city": "Wisokyburgh",
        "geo": {
          "lat": "-43.9509",
          "lng": "-34.4618",
        },
        "street": "Victor Plains",
        "suite": "Suite 879",
        "zipcode": "90566-7771",
      },
      "company": {
        "bs": "synergize scalable supply-chains",
        "catchPhrase": "Proactive didactic contingency",
        "name": "Deckow-Crist",
      },
      "email": "Shanna@melissa.tv",
      "id": 2,
      "name": "Ervin Howell",
      "phone": "010-692-6593 x09125",
      "username": "Antonette",
      "website": "anastasia.net",
    },
    {
      "address": {
        "city": "Wisokyburgh",
        "geo": {
          "lat": "-43.9509",
          "lng": "-34.4618",
        },
        "street": "Victor Plains",
        "suite": "Suite 879",
        "zipcode": "90566-7771",
      },
      "company": {
        "bs": "synergize scalable supply-chains",
        "catchPhrase": "Proactive didactic contingency",
        "name": "Deckow-Crist",
      },
      "email": "Shanna@melissa.tv",
      "id": 2,
      "name": "Ervin Howell",
      "phone": "010-692-6593 x09125",
      "username": "Antonette",
      "website": "anastasia.net",
    },
    {
      "address": {
        "city": "Wisokyburgh",
        "geo": {
          "lat": "-43.9509",
          "lng": "-34.4618",
        },
        "street": "Victor Plains",
        "suite": "Suite 879",
        "zipcode": "90566-7771",
      },
      "company": {
        "bs": "synergize scalable supply-chains",
        "catchPhrase": "Proactive didactic contingency",
        "name": "Deckow-Crist",
      },
      "email": "Shanna@melissa.tv",
      "id": 2,
      "name": "Ervin Howell",
      "phone": "010-692-6593 x09125",
      "username": "Antonette",
      "website": "anastasia.net",
    },
    {
      "address": {
        "city": "Wisokyburgh",
        "geo": {
          "lat": "-43.9509",
          "lng": "-34.4618",
        },
        "street": "Victor Plains",
        "suite": "Suite 879",
        "zipcode": "90566-7771",
      },
      "company": {
        "bs": "synergize scalable supply-chains",
        "catchPhrase": "Proactive didactic contingency",
        "name": "Deckow-Crist",
      },
      "email": "Shanna@melissa.tv",
      "id": 2,
      "name": "Ervin Howell",
      "phone": "010-692-6593 x09125",
      "username": "Antonette",
      "website": "anastasia.net",
    },
  ],
  "errors": undefined,
  "loading": false,
  "refetch": [Function],
}
`;
